<html>
<body>
<pre>
<h1>µVision Build Log</h1>
<h2>Tool Versions:</h2>
IDE-Version: µVision V5.26.2.0
Copyright (C) 2018 ARM Ltd and ARM Germany GmbH. All rights reserved.
License Information: Sinout Shenouda, AUC, LIC=----
 
Tool Versions:
Toolchain:       MDK-Lite  Version: 5.26.2.0
Toolchain Path:  C:\Keil_v5\ARM\ARMCC\Bin
C Compiler:      Armcc.exe V5.06 update 6 (build 750)
Assembler:       Armasm.exe V5.06 update 6 (build 750)
Linker/Locator:  ArmLink.exe V5.06 update 6 (build 750)
Library Manager: ArmAr.exe V5.06 update 6 (build 750)
Hex Converter:   FromElf.exe V5.06 update 6 (build 750)
CPU DLL:         SARMCM3.DLL V5.26.2.0
Dialog DLL:      DCM.DLL V1.17.2.0
Target DLL:      STLink\ST-LINKIII-KEIL_SWO.dll V3.0.5.0
Dialog DLL:      TCM.DLL V1.36.1.0
 
<h2>Project:</h2>
C:\Users\nehalfooda\Downloads\Lab 7\MDK-ARM\Lab 7.uvprojx
Project File Date:  11/29/2022

<h2>Output:</h2>
*** Using Compiler 'V5.06 update 6 (build 750)', folder: 'C:\Keil_v5\ARM\ARMCC\Bin'
Build target 'Lab 7'
compiling main.c...
../Core/Src/main.c(163): warning:  #188-D: enumerated type mixed with another type
  						HAL_GPIO_WritePin(GPIOA,GPIO_PIN_10,1);
../Core/Src/main.c(166): warning:  #188-D: enumerated type mixed with another type
  						HAL_GPIO_WritePin(GPIOA,GPIO_PIN_10,0);
../Core/Src/main.c(205): warning:  #223-D: function "sprintf" declared implicitly
  					sprintf(uartBuf, "Time: %d\r\n", time);  
../Core/Src/main.c(122): warning:  #177-D: variable "back"  was declared but never referenced
  	uint8_t back[4] = {0xC1, 0x20, 0xC9, 0x20};
../Core/Src/main.c(123): warning:  #177-D: variable "left"  was declared but never referenced
  	uint8_t left [4]= {0xC2, 0x00, 0xCA, 0x20};
../Core/Src/main.c(126): warning:  #177-D: variable "left_reverse"  was declared but never referenced
  	uint8_t left_reverse [4]= {0xC1, 0x20, 0xC9, 0x0};
../Core/Src/main.c(135): warning:  #177-D: variable "speed"  was declared but never referenced
  	const int speed = 10; //cm/sec
../Core/Src/main.c: 7 warnings, 0 errors
linking...
Program Size: Code=12780 RO-data=500 RW-data=40 ZI-data=2072  
FromELF: creating hex file...
"Lab 7\Lab 7.axf" - 0 Error(s), 7 Warning(s).

<h2>Software Packages used:</h2>

Package Vendor: ARM
                http://www.keil.com/pack/ARM.CMSIS.5.9.0.pack
                ARM.CMSIS.5.9.0
                CMSIS (Common Microcontroller Software Interface Standard)
   * Component: CORE Version: 5.6.0

Package Vendor: Keil
                http://www.keil.com/pack/Keil.STM32L4xx_DFP.2.5.0.pack
                Keil.STM32L4xx_DFP.2.5.0
                STMicroelectronics STM32L4 Series Device Support, Drivers and Examples

<h2>Collection of Component include folders:</h2>
  .\RTE\_Lab_7
  C:\Keil_v5\ARM\PACK\ARM\CMSIS\5.9.0\CMSIS\Core\Include
  C:\Keil_v5\ARM\PACK\Keil\STM32L4xx_DFP\2.5.0\Drivers\CMSIS\Device\ST\STM32L4xx\Include

<h2>Collection of Component Files used:</h2>

   * Component: ARM::CMSIS:CORE:5.6.0
      Include file:  CMSIS\Core\Include\tz_context.h
Build Time Elapsed:  00:00:03
</pre>
</body>
</html>
