<html>
<body>
<pre>
<h1>µVision Build Log</h1>
<h2>Tool Versions:</h2>
IDE-Version: µVision V5.26.2.0
Copyright (C) 2018 ARM Ltd and ARM Germany GmbH. All rights reserved.
License Information: Sinout Shenouda, AUC, LIC=----
 
Tool Versions:
Toolchain:       MDK-Lite  Version: 5.26.2.0
Toolchain Path:  C:\Keil_v5\ARM\ARMCC\Bin
C Compiler:      Armcc.exe V5.06 update 6 (build 750)
Assembler:       Armasm.exe V5.06 update 6 (build 750)
Linker/Locator:  ArmLink.exe V5.06 update 6 (build 750)
Library Manager: ArmAr.exe V5.06 update 6 (build 750)
Hex Converter:   FromElf.exe V5.06 update 6 (build 750)
CPU DLL:         SARMCM3.DLL V5.26.2.0
Dialog DLL:      DCM.DLL V1.17.2.0
Target DLL:      STLink\ST-LINKIII-KEIL_SWO.dll V3.0.5.0
Dialog DLL:      TCM.DLL V1.36.1.0
 
<h2>Project:</h2>
C:\Users\nehalfooda\Downloads\Embedded-Systems-Project\Embedded-Systems-Project-main\MDK-ARM\Lab 7.uvprojx
Project File Date:  12/20/2022

<h2>Output:</h2>
*** Using Compiler 'V5.06 update 6 (build 750)', folder: 'C:\Keil_v5\ARM\ARMCC\Bin'
Build target 'Lab 7'
compiling main.c...
../Core/Src/main.c(241): warning:  #188-D: enumerated type mixed with another type
          HAL_GPIO_WritePin(GPIOA, GPIO_PIN_10, 1);
../Core/Src/main.c(243): warning:  #188-D: enumerated type mixed with another type
          HAL_GPIO_WritePin(GPIOA, GPIO_PIN_10, 0);
../Core/Src/main.c(249): warning:  #188-D: enumerated type mixed with another type
  				HAL_GPIO_WritePin(GPIOB, GPIO_PIN_1, 1);
../Core/Src/main.c(251): warning:  #188-D: enumerated type mixed with another type
          HAL_GPIO_WritePin(GPIOB, GPIO_PIN_1, 0);
../Core/Src/main.c(207): warning:  #177-D: variable "left"  was declared but never referenced
    uint8_t left[4] = {0xC2, 0x00, 0xCA, 0x20};
../Core/Src/main.c(208): warning:  #177-D: variable "right"  was declared but never referenced
    uint8_t right[4] = {0xC2, 0x20, 0xC9, 0x0};
../Core/Src/main.c(218): warning:  #177-D: variable "length"  was declared but never referenced
    const int length = meter_time * 0.6; // cm  (in case of searching for parallel parking)
../Core/Src/main.c(219): warning:  #177-D: variable "speed"  was declared but never referenced
    const int speed = 10;                // cm/sec
../Core/Src/main.c(221): warning:  #550-D: variable "park_chosen"  was set but never used
  	int park_chosen = -1;
../Core/Src/main.c: 9 warnings, 0 errors
linking...
Program Size: Code=11404 RO-data=500 RW-data=64 ZI-data=2112  
FromELF: creating hex file...
"Lab 7\Lab 7.axf" - 0 Error(s), 9 Warning(s).

<h2>Software Packages used:</h2>

Package Vendor: ARM
                http://www.keil.com/pack/ARM.CMSIS.5.9.0.pack
                ARM.CMSIS.5.9.0
                CMSIS (Common Microcontroller Software Interface Standard)
   * Component: CORE Version: 5.6.0

Package Vendor: Keil
                http://www.keil.com/pack/Keil.STM32L4xx_DFP.2.5.0.pack
                Keil.STM32L4xx_DFP.2.5.0
                STMicroelectronics STM32L4 Series Device Support, Drivers and Examples

<h2>Collection of Component include folders:</h2>
  .\RTE\_Lab_7
  C:\Keil_v5\ARM\PACK\ARM\CMSIS\5.9.0\CMSIS\Core\Include
  C:\Keil_v5\ARM\PACK\Keil\STM32L4xx_DFP\2.5.0\Drivers\CMSIS\Device\ST\STM32L4xx\Include

<h2>Collection of Component Files used:</h2>

   * Component: ARM::CMSIS:CORE:5.6.0
      Include file:  CMSIS\Core\Include\tz_context.h
Build Time Elapsed:  00:00:03
</pre>
</body>
</html>
